Processing 24 items (all), upload=True
[1/24] スカイブブロンのどスプレー
  -> skipped_exists score=n/a 
[2/24] イブロック冷感Ｓ
  -> uploaded score=90 
[3/24] マキセリン「コタロー」
  -> uploaded score=90 
[4/24] 新エスベナントローチ
  -> uploaded score=90 
[5/24] イブプロフェンソフトカプセル２００「キョーワ」
  -> uploaded score=90 
[6/24] トピックＧトローチ
  -> uploaded score=90 
[7/24] デーチカ
  -> skipped_exists score=n/a 
[8/24] オリブ油「タイセイ」Ｐ
  -> uploaded score=90 
[9/24] クールスロート
  -> skipped_exists score=n/a 
[10/24] ザッツ錠
  -> uploaded score=90 
[11/24] 角野龍雲湯
  -> uploaded score=90 
[12/24] 東洋漢方の小青龍湯
  -> skipped_exists score=n/a 
[13/24] 富士はら薬「赤玉」
  -> skipped_exists score=n/a 
[14/24] 高砂オウレン
  -> uploaded score=80 
[15/24] 高砂オウレン末
  -> uploaded score=90 
[16/24] グリセリン浣腸Ａ１０
  -> skipped_exists score=n/a 
[17/24] スースカット浣腸１０
  -> uploaded score=90 
[18/24] 胃健錠
  -> skipped_exists score=n/a 
[19/24] キンカンＡＬ錠
  -> skipped_exists score=n/a 
[20/24] デイトナＳ
  -> skipped_exists score=n/a 
[21/24] ノイロンムーンＳ
  -> uploaded score=90 
[22/24] フストールＳ
  -> uploaded score=90 
[23/24] ハイカゼ内服液Ｓ
  -> uploaded score=90 
[24/24] スロナースのどスプレー
  -> uploaded score=90 
