2026-07-31 16:15:00 [resume] START 7/31 mentoring resume (17:00-17:30) -> resume-aws-staging.sh
2026-07-31 16:15:02 [resume] Traceback (most recent call last):
2026-07-31 16:15:02 [resume]   File "<stdin>", line 2, in <module>
2026-07-31 16:15:02 [resume] FileNotFoundError: [Errno 2] No such file or directory: '/d/Programing/medicine-recommend/scripts/.aws-staging-stop-state.json'
2026-07-31 16:15:02 [resume] ERROR exit=1
2026-07-31 18:00:00 [stop] START 7/31 mentoring stop -> stop-aws-staging.sh
2026-07-31 18:00:04 [stop] ==> AWS staging stop (reversible)
2026-07-31 18:00:04 [stop]     cluster=default service=medicine-recommend region=ap-northeast-1
2026-07-31 18:00:04 [stop]     current desiredCount=1
2026-07-31 18:00:04 [stop] {
2026-07-31 18:00:04 [stop]     "desired": 0,
2026-07-31 18:00:04 [stop]     "running": 1
2026-07-31 18:00:04 [stop] }
2026-07-31 18:00:04 [stop] 
2026-07-31 18:00:04 [stop] Stopped. State saved: scripts/.aws-staging-stop-state.json
2026-07-31 18:00:04 [stop] Resume: ./scripts/resume-aws-staging.sh
2026-07-31 18:00:04 [stop] 
2026-07-31 18:00:04 [stop] Note: ALB / Managed Bedrock KB / Secrets / CodePipeline base fee still incur charges.
2026-07-31 18:00:18 [stop] DONE 7/31 mentoring stop
2026-08-02 23:00:01 [resume] START 8/3 competition window resume (always-on until 8/6) -> resume-aws-staging.sh
2026-08-02 23:00:01 [resume] Traceback (most recent call last):
2026-08-02 23:00:01 [resume]   File "<stdin>", line 2, in <module>
2026-08-02 23:00:02 [resume] FileNotFoundError: [Errno 2] No such file or directory: '/d/Programing/medicine-recommend/scripts/.aws-staging-stop-state.json'
2026-08-02 23:00:02 [resume] ERROR exit=1
2026-08-05 00:00:00 [contest-apply] START 8/5 00:00 JST contest capacity apply -> contest-apply
2026-08-05 00:00:03 [contest-apply] ==> Contest capacity prepare (mode=apply)
2026-08-05 00:00:03 [contest-apply]     ECS: 1024 CPU / 2048 MiB
2026-08-05 00:00:03 [contest-apply]     Tasks: desired=10 min=10 max=10
2026-08-05 00:00:03 [contest-apply]     GUNICORN_WORKERS=3
2026-08-05 00:00:03 [contest-apply]     WAF: 10000 req / 5min / IP
2026-08-05 00:00:03 [contest-apply] ./scripts/prepare-aws-contest-capacity.sh: line 68: WEB_ACL_NAME: unbound variable
2026-08-05 00:00:03 [contest-apply] ERROR exit=1
2026-08-05 00:18:57 [contest-apply] START 8/5 contest scale up (retry) -> contest-apply
2026-08-05 00:19:10 [contest-apply] START 8/5 contest scale up (retry) -> contest-apply
