[1/111] ピュアCホワイト (famous_brand)
[2/111] ピュアナCチュアブル錠 (famous_brand)
[3/111] ハイシー1000 (famous_brand)
[4/111] ホワイピュアEX (famous_brand)
[5/111] チョコラBBルーセントC (famous_brand)
[6/111] ビルタミンC-2000 (famous_brand)
[7/111] メンソレータムエクシブWクリーム (famous_brand)
[8/111] メンソレータムヒビプロKTα (famous_brand)
[9/111] ムヒアルファEX (famous_brand)
[10/111] メンソレータムリシーナ注入軟膏A (famous_brand)
[11/111] メンソレータムリシーナ坐剤A (famous_brand)
[12/111] メンソレータムリシーナ軟膏A (famous_brand)
[13/111] ペアコールAZcのどスプレー (famous_brand)
[14/111] チョコラBB口内炎リペアショット (famous_brand)
[15/111] ペアコールAZのどスプレー (famous_brand)
[16/111] メンソレータムヒビプロLP (famous_brand)
[17/111] メンソレータムエクシブWきわケアジェル (famous_brand)
[18/111] サロンパスAe (famous_brand)
[19/111] 穴あきサロンパスAe (famous_brand)
[20/111] skip exists イブロック冷感S
[21/111] ムヒの虫よけムシペールPS30 (famous_brand)
[22/111] フェイタスZαジクサス (famous_brand)
[23/111] ムヒの虫よけムシペールPS (famous_brand)
[24/111] ロキソニンSハードゲル (famous_brand)
[25/111] ロキソニンEXローション (famous_brand)
[26/111] ロキソニンEXゲル (famous_brand)
[27/111] ロキソニンSローションa (famous_brand)
[28/111] ロキソニンSゲル (famous_brand)
[29/111] フェイタスZジクサスシップF (famous_brand)
[30/111] エアーサロンパスZ (famous_brand)
[31/111] フェイタスZαジクサスゲル (famous_brand)
[32/111] フェイタスZαジクサス温感大判 (famous_brand)
[33/111] フェイタスZαジクサス温感 (famous_brand)
[34/111] フェイタスZジクサスシップ (famous_brand)
[35/111] 液体ムヒアルファEX (famous_brand)
[36/111] 液体ムヒS2a (famous_brand)
[37/111] ハイチオールCプラス2 (famous_csv_fill)
[38/111] ハイチオールCプラス (famous_csv_fill)
[39/111] ハイチオールCホワイティア (famous_csv_fill)
[40/111] ハイチオールCプラスEX (famous_csv_fill)
[41/111] ハイチオールCプルミエール (famous_csv_fill)
[42/111] アルピタンγ(五苓散) (famous_csv_fill)
[43/111] 強肝、解毒、強力グットA錠 (famous_csv_fill)
[44/111] DHCエルシスホワイト240EX (famous_csv_fill)
[45/111] ウレッシュCプラスホワイト (famous_csv_fill)
[46/111] ラセージュホワイトCプラス (famous_csv_fill)
[47/111] ジーロップCホワイトプラス (famous_csv_fill)
[48/111] ホワイトミーLC (famous_csv_fill)
[49/111] ミネチオールCプレミアム (famous_csv_fill)
[50/111] 錠剤ルミンA-50γ (famous_csv_fill)
[51/111] ダーマンS (famous_csv_fill)
[52/111] アンベリーホワイトCプラス (famous_csv_fill)
[53/111] skip exists DHCエルシスホワイト240
[54/111] ミルセリンホワイトNKB (famous_csv_fill)
[55/111] フェミールホワイトNKB (famous_csv_fill)
[56/111] キュアティホワイトNKB (famous_csv_fill)
[57/111] ミネチオールCプラス (famous_csv_fill)
[58/111] ウチダの十味敗毒湯 (famous_csv_fill)
[59/111] お熱散 (famous_csv_fill)
[60/111] 茵ちん五苓散エキス細粒G「コタロー」 (famous_csv_fill)
[61/111] ウチダの茵ちん五苓湯 (famous_csv_fill)
[62/111] キミエホワイトプラス (famous_csv_fill)
[63/111] 東洋の茵ちん五苓散料エキス顆粒 (famous_csv_fill)
[64/111] ウチダの十味敗毒散 (famous_csv_fill)
[65/111] ネージュホワイトプラス (famous_csv_fill)
[66/111] ネオ小町錠 (famous_csv_fill)
[67/111] 陰陽調和エキス顆粒A (famous_csv_fill)
[68/111] ユビテンS (famous_csv_fill)
[69/111] レディガードコーワ (famous_csv_fill)
[70/111] ユンケル心臓薬 (famous_csv_fill)
[71/111] エミネトン (famous_csv_fill)
[72/111] サモンエース (famous_csv_fill)
[73/111] 桂枝加苓朮附湯エキス錠クラシエ (famous_csv_fill)
[74/111] メンタフ (famous_csv_fill)
[75/111] ボーコレン (famous_csv_fill)
[76/111] 柴胡加竜骨牡蛎湯エキス錠クラシエ (famous_csv_fill)
[77/111] 救心内服液 (famous_csv_fill)
[78/111] ベアベリックス (famous_csv_fill)
[79/111] 「クラシエ」漢方猪苓湯エキス錠 (famous_csv_fill)
[80/111] 「クラシエ」漢方桂枝加苓朮附湯エキス顆粒 (famous_csv_fill)
[81/111] 「クラシエ」漢方猪苓湯エキス顆粒 (famous_csv_fill)
[82/111] 「クラシエ」漢方柴胡加竜骨牡蛎湯エキス顆粒 (famous_csv_fill)
[83/111] 「クラシエ」漢方桂枝加竜骨牡蛎湯エキス顆粒 (famous_csv_fill)
[84/111] JPS桂枝加朮附湯エキス錠N (famous_csv_fill)
[85/111] モデルビタンQ (famous_csv_fill)
[86/111] トチモトのカゴソウP (famous_csv_fill)
[87/111] モリハイツウN (famous_csv_fill)
[88/111] トチモトのサンキライP (famous_csv_fill)
[89/111] サンワロンK (famous_csv_fill)
[90/111] JPS桂枝加竜骨牡蛎湯エキス錠N (famous_csv_fill)
[91/111] JPS漢方顆粒-10号 (famous_csv_fill)
[92/111] トチモトのソウハクヒP (famous_csv_fill)
[93/111] トチモトのウワウルシP (famous_csv_fill)
[94/111] トチモトのモクツウP (famous_csv_fill)
[95/111] トチモトのキササゲP (famous_csv_fill)
[96/111] ケイヒ末錠OM (famous_csv_fill)
[97/111] Vロートナイトプレミアムアイ内服薬 (famous_brand)
[98/111] サンテドウプラスEアルファ (famous_brand)
[99/111] ロートアルガードクリアマイルドZ (famous_brand)
[100/111] ロートアルガードクリアマイルドEXa (famous_brand)
[101/111] ロートアルガードクリアブロックEXa (famous_brand)
[102/111] サンテメディカルガードEX (famous_brand)
[103/111] ロートアルガードクリアブロックZII (famous_brand)
[104/111] ロートアルガードクリアマイルドZII (famous_brand)
[105/111] サンテALn (famous_brand)
[106/111] サンテPC (famous_brand)
[107/111] サンテFXVプラス (famous_brand)
[108/111] サンテALクールII (famous_brand)
[109/111] サンテザイオンV3 (famous_brand)
[110/111] ロートアルガードクリアブロックZ (famous_brand)
[111/111] サンテフォーカスV (famous_brand)
{
  "generated_at": "2026-07-26T03:50:23.346212+00:00",
  "total": 111,
  "uploaded": 59,
  "skipped_exists": 2,
  "not_found": 50,
  "review_rejected": 0,
  "download_error": 0,
  "upload_error": 0,
  "errors": 0
}
