[1/111] サンテPCコンタクト (famous_brand)
[2/111] サンテFXコンタクト (famous_brand)
[3/111] ロートビタうるる洗眼薬W+ (famous_brand)
[4/111] ロートV7洗眼薬 (famous_brand)
[5/111] ロートCキューブアミノモイスト (famous_brand)
[6/111] アイリスPC (famous_brand)
[7/111] スマイルコンタクトAL-Wクール (famous_brand)
[8/111] スマイルコンタクトAL-Wマイルド (famous_brand)
[9/111] スマイルコンタクトEXAL-Wクール (famous_brand)
[10/111] サンテメディカルプラスガードEX (famous_brand)
[11/111] アイリスAGガード (famous_brand)
[12/111] アイボンALd (famous_brand)
[13/111] スマイル40EXゴールドクールMAX (famous_brand)
[14/111] 新V・ロート (famous_brand)
[15/111] Vロートプレミアム (famous_brand)
[16/111] ドリエルEX (famous_brand)
[17/111] ドリエル (famous_brand)
[18/111] ドリーミンZ (famous_csv_fill)
[19/111] マイレストS (famous_csv_fill)
[20/111] ハイエナル“88”内服液 (famous_csv_fill)
[21/111] ドリムケア (famous_csv_fill)
[22/111] カリスミン (famous_csv_fill)
[23/111] skip exists エスタロンモカ12
[24/111] ヨネール (famous_csv_fill)
[25/111] トメルミン (famous_csv_fill)
[26/111] エスタロンモカ錠 (famous_csv_fill)
[27/111] ネオデイ (famous_csv_fill)
[28/111] ハイエナル“88”内服液《コーヒー風味》 (famous_csv_fill)
[29/111] 睡眠改善薬DH錠c (famous_csv_fill)
[30/111] skip exists ノイロンムーンS
[31/111] skip exists フストールS
[32/111] ナイトロンS (famous_csv_fill)
[33/111] アオーク(AWOUK) (famous_csv_fill)
[34/111] 睡眠改善薬iQ (famous_csv_fill)
[35/111] ドリムケアEX (famous_csv_fill)
[36/111] オールP錠F (famous_csv_fill)
[37/111] ヒロオールPキング内服液 (famous_csv_fill)
[38/111] 新オールP内服液 (famous_csv_fill)
[39/111] skip exists デイトナS
[40/111] ネハゼルEX (famous_csv_fill)
[41/111] カナコSP (famous_csv_fill)
[42/111] ハイヤスミンA (famous_csv_fill)
[43/111] グ・スリーP (famous_csv_fill)
[44/111] ドリーミンエイドa (famous_csv_fill)
[45/111] skip exists エスタロンモカ内服液
[46/111] ニコレット (famous_brand)
[47/111] ニコチネルパッチ10 (famous_brand)
[48/111] ニコチネルスペアミント (famous_brand)
[49/111] ニコチネルマンゴー (famous_brand)
[50/111] skip exists カロナールA
[51/111] ドキシン錠 (famous_csv_fill)
[52/111] トチモトのボウイP (famous_csv_fill)
[53/111] ビトラックS (famous_csv_fill)
[54/111] 雲仙散 (famous_csv_fill)
[55/111] ロイルック錠 (famous_csv_fill)
[56/111] ロイルック (famous_csv_fill)
[57/111] グレニアチン (famous_csv_fill)
[58/111] 小粒打身丸 (famous_csv_fill)
[59/111] 腰専門 (famous_csv_fill)
[60/111] 桔梗智辨ろいま湯 (famous_csv_fill)
[61/111] 精禍 (famous_csv_fill)
[62/111] 心龍 (famous_csv_fill)
[63/111] 荘蓉湯 (famous_csv_fill)
[64/111] 青雲湯 (famous_csv_fill)
[65/111] ヤマサンボウイ (famous_csv_fill)
[66/111] 桂枝茯苓湯 (famous_csv_fill)
[67/111] 山本漢方ぼうい (famous_csv_fill)
[68/111] ぼういヤマモト (famous_csv_fill)
[69/111] ナカジマボウイ (famous_csv_fill)
[70/111] ボウイダイコー (famous_csv_fill)
[71/111] 高砂ボウイ (famous_csv_fill)
[72/111] コリホグス (famous_csv_fill)
[73/111] 瑞祥湯 (famous_csv_fill)
[74/111] 健婦丸 (famous_csv_fill)
[75/111] ケイブク(顆粒) (famous_csv_fill)
[76/111] コンドロイチンZS錠《PTP包装》 (famous_csv_fill)
[77/111] 「モリ」ハイツウ錠 (famous_csv_fill)
[78/111] パンセダン (famous_csv_fill)
[79/111] ノイロンホルテS (famous_csv_fill)
[80/111] 脳寿S (famous_csv_fill)
[81/111] メチオンパール (famous_csv_fill)
[82/111] アガラン (famous_csv_fill)
[83/111] イララックa (famous_csv_fill)
[84/111] ホノミラビオ錠 (famous_csv_fill)
[85/111] ナリピタン (famous_brand)
[86/111] skip exists 新キャベジンコーワS
[87/111] skip exists 大正漢方胃腸薬
[88/111] skip exists 大正漢方胃腸薬<錠剤>
[89/111] クレンジル (famous_brand)
[90/111] 大正漢方胃腸薬アクティブ<微粒> (famous_brand)
[91/111] skip exists 大正漢方胃腸薬アクティブ<錠剤>
[92/111] skip exists キャベジンコーワ細粒
[93/111] パンシロンソフトベール (famous_brand)
[94/111] skip exists 大正漢方胃腸薬「爽和」微粒
[95/111] skip exists 大正漢方胃腸薬「爽和」錠剤
[96/111] キャベジンコーワα《瓶》 (famous_brand)
[97/111] 正露丸糖衣錠G (famous_brand)
[98/111] skip exists 太田胃散A<錠剤>
[99/111] skip exists 太田胃散<分包>
[100/111] skip exists 太田胃散
[101/111] skip exists 大正漢方胃腸薬<内服液>
[102/111] skip exists ビオフェルミン止瀉薬
[103/111] skip exists ビオフェルミン下痢止め
[104/111] 太田胃散<内服液> (famous_brand)
[105/111] 正露丸《瓶》 (famous_brand)
[106/111] skip exists 大正胃腸薬K<錠剤>
[107/111] タケダ漢方胃腸薬K末 (famous_csv_fill)
[108/111] タケダ漢方胃腸薬K (famous_csv_fill)
[109/111] skip exists 液キャベコーワL
[110/111] アバロンS (famous_csv_fill)
[111/111] skip exists 大正胃腸薬K
{
  "generated_at": "2026-07-26T03:47:28.685752+00:00",
  "total": 111,
  "uploaded": 30,
  "skipped_exists": 22,
  "not_found": 59,
  "review_rejected": 0,
  "download_error": 0,
  "upload_error": 0,
  "errors": 0
}
