[1/78] rec=6 OK エスタックイブファインＥＸ
[2/78] rec=6 OK バファリンかぜＥＸ錠《瓶》
[3/78] rec=5 OK 仁壽
[4/78] rec=5 OK 暖中錠
[5/78] rec=5 OK 新スキントールＳ
[6/78] rec=4 OK フジコールＩＰ錠
[7/78] rec=4 OK サンワ白虎加人参湯エキス細粒
[8/78] rec=4 OK ニタンダ麻杏甘石湯エキス顆粒
[9/78] rec=4 OK ヤマサンシャゼンソウ
[10/78] rec=3 OK ストナデイタイム
[11/78] rec=3 OK グロンサンゴールド錠Ａ
[12/78] rec=3 OK エイクレス
[13/78] rec=3 OK コリクリアーＳローション
[14/78] rec=3 OK オムニンエース
[15/78] rec=3 OK ウチダの大黄牡丹皮湯
[16/78] rec=3 OK ザッツ
[17/78] rec=2 OK 新リバヘルスゴールド
[18/78] rec=2 OK 清風散
[19/78] rec=2 OK ヒストミンせき止め液ＮＸ
[20/78] rec=2 OK ナカジマキキョウ末
[21/78] rec=2 OK 再春痛散湯エキス顆粒
[22/78] rec=1 OK ウチダの麻黄附子細辛湯
[23/78] rec=1 OK 新セキリック液
[24/78] rec=1 OK クールワンせき止めＧＸプラス
[25/78] rec=1 OK カコナールせき止め液Ｗ
[26/78] rec=1 OK のどスッキリスプレーＡＣ
[27/78] rec=1 OK 清痛顆粒
[28/78] rec=1 OK クミアイ解熱鎮痛錠
[29/78] rec=1 OK 竹参かぜまる
[30/78] rec=1 OK ササイサン
[31/78] rec=1 OK フラーリンＪ粒
[32/78] rec=0 OK 東洋漢方のセンナ顆粒Ｓ（分包）
[33/78] rec=0 OK ミカサ浣腸Ｎ４０
[34/78] rec=0 OK コトブキ浣腸４０
[35/78] rec=0 OK コトブキ浣腸４０パステル
[36/78] rec=0 OK コトブキ浣腸３０パステル
[37/78] rec=0 OK コリイス浣腸３０
[38/78] rec=0 OK 本草センナ錠
[39/78] rec=0 OK 新バック液
[40/78] rec=0 OK ソルマックＥＸ２
[41/78] rec=0 OK ストーゼ胃腸内服液
[42/78] rec=0 OK ガロール健芯液
[43/78] rec=0 OK ワクナガ生薬胃腸薬
[44/78] rec=0 OK オウレンいけだや
[45/78] rec=0 OK オウレン末いけだや
[46/78] rec=0 OK 新新胃腸薬Ｓ
[47/78] rec=0 OK イスロ胃腸ドリンクＳ
[48/78] rec=0 OK 大光丸
[49/78] rec=0 OK オウレンダイコー
[50/78] rec=0 OK オウレン末ダイコー
[51/78] rec=0 OK 大草胃腸薬内服液３０
[52/78] rec=0 OK 救胆
[53/78] rec=0 OK ナカジマオウレン
