Running GPT scale: 30 sessions ﾃ・~17 turns (target 500+ chats) ...
  [gpt 1/30] gpt-casual-headache-thread (4 turns) ...
  [gpt 2/30] gpt-correction-user (4 turns) ...
  [gpt 3/30] gpt-elderly-polite-mix (4 turns) ...
  [gpt 4/30] gpt-kansai-dialect (4 turns) ...
  [gpt 5/30] gpt-parent-child-fever (4 turns) ...
  [gpt 6/30] gpt-medicine-anaphora (4 turns) ...
  [gpt 7/30] gpt-alcohol-interaction (4 turns) ...
  [gpt 8/30] gpt-vague-to-specific (4 turns) ...
  [gpt 9/30] gpt-travel-medicine (4 turns) ...
  [gpt 10/30] gpt-pet-redirect (4 turns) ...
  [gpt 11/30] gpt-teen-slang (4 turns) ...
  [gpt 12/30] gpt-rambling-elder (4 turns) ...
  [gpt 13/30] gpt-indirect-worry (4 turns) ...
  [gpt 14/30] gpt-multi-symptom (4 turns) ...
  [gpt 15/30] gpt-emotional-distress (4 turns) ...
  [gpt 16/30] gpt-english-mix (4 turns) ...
  [gpt 17/30] gpt-pregnant-worried (4 turns) ...
  [gpt 18/30] gpt-shift-worker (4 turns) ...
  [gpt 19/30] gpt-dosage-casual (4 turns) ...
  [gpt 20/30] gpt-comparison-dialect (4 turns) ...
  [gpt 21/30] gpt-topic-return (4 turns) ...
  [gpt 22/30] gpt-grandchild-medicine (4 turns) ...
  [gpt 23/30] gpt-menstrual-pain (4 turns) ...
  [gpt 24/30] gpt-chronic-meds (4 turns) ...
  [gpt 25/30] gpt-implicit-short (4 turns) ...
  [gpt 26/30] gpt-sports-prep (4 turns) ...
  [gpt 27/30] gpt-allergy-check (4 turns) ...
  [gpt 28/30] gpt-business-polite (4 turns) ...
  [gpt 29/30] gpt-vague-feeling (4 turns) ...
  [gpt 30/30] gpt-returning-thread (4 turns) ...

Done: 27/30 auto-pass, 120 turns.
Report: D:\Programing\medicine-recommend\log\analysis\2026-08-08_local_v2_chat_test_expanded-v6-diverse30.md
Metrics: D:\Programing\medicine-recommend\log\analysis\2026-08-08_local_v2_intent_router_metrics_expanded-v6-diverse30.json
Eval:   D:\Programing\medicine-recommend\log\analysis\2026-08-08_local_v2_simulation_eval_expanded-v6-diverse30.md
IDs:    D:\Programing\medicine-recommend\log\analysis\2026-08-08_local_v2_session_ids_expanded-v6-diverse30.json
Admin review: http://127.0.0.1:5000/admin
Server left running (do not stop).
