Running 82 YAML scenarios against http://127.0.0.1:5000/ ...
  [yaml 1/82] session-ops-01 ...
  [yaml 2/82] session-ops-02 ...
  [yaml 3/82] session-ops-03 ...
  [yaml 4/82] session-ops-04 ...
  [yaml 5/82] session-ops-05 ...
  [yaml 6/82] session-ops-06 ...
  [yaml 7/82] session-ops-07 ...
  [yaml 8/82] session-ops-08 ...
  [yaml 9/82] session-ops-09 ...
  [yaml 10/82] session-ops-10 ...
  [yaml 11/82] session-ops-11 ...
  [yaml 12/82] session-ops-12 ...
  [yaml 13/82] physical-fever-01 ...
  [yaml 14/82] physical-fever-02 ...
  [yaml 15/82] physical-fever-03 ...
  [yaml 16/82] physical-fever-04 ...
  [yaml 17/82] physical-fever-05 ...
  [yaml 18/82] physical-fever-06 ...
  [yaml 19/82] physical-fever-07 ...
  [yaml 20/82] physical-fever-08 ...
  [yaml 21/82] physical-fever-09 ...
  [yaml 22/82] physical-fever-10 ...
  [yaml 23/82] concierge-01 ...
  [yaml 24/82] concierge-02 ...
  [yaml 25/82] concierge-03 ...
  [yaml 26/82] concierge-04 ...
  [yaml 27/82] concierge-05 ...
  [yaml 28/82] concierge-06 ...
  [yaml 29/82] concierge-07 ...
  [yaml 30/82] concierge-08 ...
  [yaml 31/82] concierge-09 ...
  [yaml 32/82] concierge-10 ...
  [yaml 33/82] concierge-11 ...
  [yaml 34/82] concierge-12 ...
  [yaml 35/82] concierge-followup-01 ...
  [yaml 36/82] concierge-followup-02 ...
  [yaml 37/82] concierge-followup-03 ...
  [yaml 38/82] concierge-followup-04 ...
  [yaml 39/82] concierge-followup-05 ...
  [yaml 40/82] concierge-followup-06 ...
  [yaml 41/82] concierge-followup-07 ...
  [yaml 42/82] concierge-followup-08 ...
  [yaml 43/82] counseling-ctx-01 ...
  [yaml 44/82] counseling-ctx-02 ...
  [yaml 45/82] counseling-ctx-03 ...
  [yaml 46/82] counseling-ctx-04 ...
  [yaml 47/82] counseling-ctx-05 ...
  [yaml 48/82] counseling-ctx-06 ...
  [yaml 49/82] counseling-ctx-07 ...
  [yaml 50/82] counseling-ctx-08 ...
  [yaml 51/82] counseling-ctx-09 ...
  [yaml 52/82] counseling-ctx-10 ...
  [yaml 53/82] counseling-ctx-11 ...
  [yaml 54/82] counseling-ctx-12 ...
  [yaml 55/82] correction-01 ...
  [yaml 56/82] correction-02 ...
  [yaml 57/82] correction-03 ...
  [yaml 58/82] correction-04 ...
  [yaml 59/82] correction-05 ...
  [yaml 60/82] correction-06 ...
  [yaml 61/82] correction-07 ...
  [yaml 62/82] correction-08 ...
  [yaml 63/82] correction-09 ...
  [yaml 64/82] correction-10 ...
  [yaml 65/82] emergency-01 ...
  [yaml 66/82] emergency-02 ...
  [yaml 67/82] emergency-03 ...
  [yaml 68/82] emergency-04 ...
  [yaml 69/82] emergency-05 ...
  [yaml 70/82] emergency-06 ...
  [yaml 71/82] emergency-07 ...
  [yaml 72/82] emergency-08 ...
  [yaml 73/82] store-01 ...
  [yaml 74/82] store-02 ...
  [yaml 75/82] store-03 ...
  [yaml 76/82] store-04 ...
  [yaml 77/82] store-05 ...
  [yaml 78/82] store-06 ...
  [yaml 79/82] security-01 ...
  [yaml 80/82] security-02 ...
  [yaml 81/82] security-03 ...
  [yaml 82/82] security-04 ...

Done: 50/82 auto-pass, 112 turns.
Report: D:\Programing\medicine-recommend\log\analysis\2026-06-30_local_v2_chat_test_post-routing-fix.md
Eval:   D:\Programing\medicine-recommend\log\analysis\2026-06-30_local_v2_simulation_eval_post-routing-fix.md
IDs:    D:\Programing\medicine-recommend\log\analysis\2026-06-30_local_v2_session_ids_post-routing-fix.json
Admin review: http://127.0.0.1:5000/admin
Server left running (do not stop).
