🛡️ 既知攻撃パターン検出: rule=prompt_injection_ja
🛡️ 既知攻撃パターン検出: rule=prompt_injection_variant
🛡️ 既知攻撃パターン検出: rule=prompt_injection_ja
🛡️ 既知攻撃パターン検出: rule=prompt_injection_ja
🛡️ 既知攻撃パターン検出: rule=pi_resilience_probe
🛡️ 既知攻撃パターン検出: rule=pi_test_probe
🛡️ 既知攻撃パターン検出: rule=prompt_injection_variant
🛡️ 既知攻撃パターン検出: rule=prompt_injection_variant
🛡️ 既知攻撃パターン検出: rule=pi_injection_test_en
🛡️ 既知攻撃パターン検出: rule=obey_all_commands
🛡️ 既知攻撃パターン検出: rule=obey_all_commands_alt
🛡️ 既知攻撃パターン検出: rule=obey_commands_polite
🛡️ 既知攻撃パターン検出: rule=ignore_instructions_en
🛡️ 既知攻撃パターン検出: rule=disregard_instructions_en
🛡️ 既知攻撃パターン検出: rule=jailbreak_en
🛡️ 既知攻撃パターン検出: rule=dan_mode_ja
🛡️ 既知攻撃パターン検出: rule=dan_mode_en
🛡️ 既知攻撃パターン検出: rule=reveal_system_prompt_ja
🛡️ 既知攻撃パターン検出: rule=reveal_system_prompt_ja
🛡️ 既知攻撃パターン検出: rule=api_key_exfiltration
🛡️ 既知攻撃パターン検出: rule=reveal_system_prompt_en
🛡️ 既知攻撃パターン検出: rule=dev_mode_ja
🛡️ 既知攻撃パターン検出: rule=dev_mode_en
🛡️ 既知攻撃パターン検出: rule=hidden_instructions_ja
🛡️ 既知攻撃パターン検出: rule=secret_instructions_ja
🛡️ 既知攻撃パターン検出: rule=change_prompt_ja
🛡️ 既知攻撃パターン検出: rule=ignore_above_instructions_ja
🛡️ 既知攻撃パターン検出: rule=role_system_injection
🛡️ 既知攻撃パターン検出: rule=system_tag_injection
🛡️ 既知攻撃パターン検出: rule=simulate_privileged_en
